[dotenv@17.2.3] injecting env (8) from .env -- tip: Γ£à audit secrets and track compliance: https://dotenvx.com/ops
node : Γ¥î Test Script Error: 
MongooseError: The `uri` 
parameter to `openUri()` must be 
a string, got "undefined". Make 
sure the first parameter to 
`mongoose.connect()` or 
`mongoose.createConnection()` is 
a string.
At line:1 char:1
+ node test_menu_filtering.js > 
test_output.txt 2>&1
+ ~~~~~~~~~~~~~~~~~~~~~~~~~~~~~~~
~~~~~~~~~~~~~~~~~~~
    + CategoryInfo          : 
NotSpec    ified: (Γ¥î Test 
Script...)` is a     
string.:String) [], RemoteExcept 
   ion
    + FullyQualifiedErrorId : 
NativeC    ommandError
 
    at 
NativeConnection.createClient (C:
\Users\mohan\OneDrive\Desktop\Qui
ckBite\backend\node_modules\mongo
ose\lib\drivers\node-mongodb-nati
ve\connection.js:237:11)
    at NativeConnection.openUri (
C:\Users\mohan\OneDrive\Desktop\Q
uickBite\backend\node_modules\mon
goose\lib\connection.js:1075:34)
    at Mongoose.connect (C:\Users
\mohan\OneDrive\Desktop\QuickBite
\backend\node_modules\mongoose\li
b\mongoose.js:450:15)
    at runTest (file:///C:/Users/
mohan/OneDrive/Desktop/QuickBite/
backend/test_menu_filtering.js:14
:24)
    at file:///C:/Users/mohan/One
Drive/Desktop/QuickBite/backend/t
est_menu_filtering.js:113:1
    at ModuleJob.run (node:intern
al/modules/esm/module_job:271:25)
    at async 
onImport.tracePromise.__proto__ (
node:internal/modules/esm/loader:
578:26)
    at async 
asyncRunEntryPointWithESMLoader (
node:internal/modules/run_main:11
6:5)
